есть senefelder.jpg
есть senefelder-2.jpg
есть lubok-farnos.jpg
есть lubok-ersh.jpg
есть lubok-foma-erema.jpg
есть lubok-bear-krylov.jpg
есть lubok-bear-wedding.jpg
есть lubok-medved-koza.png
есть lubok-bova.jpg
есть lubok-fools.jpg
есть lubok-konek.jpg
  retry lubok-banya.jpg попытка 1 : HTTP Error 429: Too many requests - please contact noc@wikimedia.org to discuss a less disruptive approach or instead use thumbnail images in sizes listed on https://w.wiki/GHai. (0c640b1)
  retry lubok-banya.jpg попытка 2 : HTTP Error 429: Too many requests - please contact noc@wikimedia.org to discuss a less disruptive approach or instead use thumbnail images in sizes listed on https://w.wiki/GHai. (0c640b1)
  retry lubok-banya.jpg попытка 3 : HTTP Error 429: Too many requests - please contact noc@wikimedia.org to discuss a less disruptive approach or instead use thumbnail images in sizes listed on https://w.wiki/GHai. (0c640b1)
  retry lubok-banya.jpg попытка 4 : HTTP Error 429: Too many requests - please contact noc@wikimedia.org to discuss a less disruptive approach or instead use thumbnail images in sizes listed on https://w.wiki/GHai. (0c640b1)
  retry lubok-banya.jpg попытка 5 : HTTP Error 429: Too many requests - please contact noc@wikimedia.org to discuss a less disruptive approach or instead use thumbnail images in sizes listed on https://w.wiki/GHai. (0c640b1)
  retry lubok-banya.jpg попытка 6 : HTTP Error 429: Too many requests - please contact noc@wikimedia.org to discuss a less disruptive approach or instead use thumbnail images in sizes listed on https://w.wiki/GHai. (0c640b1)
  retry lubok-banya.jpg попытка 7 : HTTP Error 429: Too many requests - please contact noc@wikimedia.org to discuss a less disruptive approach or instead use thumbnail images in sizes listed on https://w.wiki/GHai. (0c640b1)
  retry lubok-banya.jpg попытка 8 : HTTP Error 429: Too many requests - please contact noc@wikimedia.org to discuss a less disruptive approach or instead use thumbnail images in sizes listed on https://w.wiki/GHai. (0c640b1)
  retry lubok-banya.jpg попытка 9 : HTTP Error 429: Too many requests - please contact noc@wikimedia.org to discuss a less disruptive approach or instead use thumbnail images in sizes listed on https://w.wiki/GHai. (0c640b1)
  retry lubok-banya.jpg попытка 10 : HTTP Error 429: Too many requests - please contact noc@wikimedia.org to discuss a less disruptive approach or instead use thumbnail images in sizes listed on https://w.wiki/GHai. (0c640b1)
  retry lubok-banya.jpg попытка 11 : HTTP Error 429: Too many requests - please contact noc@wikimedia.org to discuss a less disruptive approach or instead use thumbnail images in sizes listed on https://w.wiki/GHai. (0c640b1)
  retry lubok-banya.jpg попытка 12 : HTTP Error 429: Too many requests - please contact noc@wikimedia.org to discuss a less disruptive approach or instead use thumbnail images in sizes listed on https://w.wiki/GHai. (0c640b1)
есть lubok-kostroma.jpg
есть bohm-khor.jpg
ГОТОВО, скачано 13 из 14
а 12 : HTTP Error 429: Too many requests - please contact noc@wikimedia.org to discuss a less disruptive approach or instead use thumbnail images in sizes listed on https://w.wiki/GHai. (0c640b1)
OK lubok-kostroma.jpg 155719 байт
OK bohm-khor.jpg 255409 байт
ГОТОВО, скачано 13 из 14
